2025-05-13 19:32:04,133 - fake_news_detection - ERROR - Error loading configuration: [Errno 2] No such file or directory: 'config/config.yaml'
2025-05-13 19:32:04,133 - fake_news_detection - ERROR - Error in main function: [Errno 2] No such file or directory: 'config/config.yaml'
2025-05-13 19:32:04,133 - fake_news_detection - ERROR - Unhandled exception: [Errno 2] No such file or directory: 'config/config.yaml'
2025-05-13 19:36:01,196 - fake_news_detection - ERROR - Error loading configuration: [Errno 2] No such file or directory: 'config/config.yaml'
2025-05-13 19:36:01,196 - fake_news_detection - ERROR - Error in main function: [Errno 2] No such file or directory: 'config/config.yaml'
2025-05-13 19:36:01,196 - fake_news_detection - ERROR - Unhandled exception: [Errno 2] No such file or directory: 'config/config.yaml'
2025-05-13 19:38:21,374 - fake_news_detection - ERROR - Error loading configuration: [Errno 2] No such file or directory: 'config/config.yaml'
2025-05-13 19:38:21,374 - fake_news_detection - ERROR - Error in main function: [Errno 2] No such file or directory: 'config/config.yaml'
2025-05-13 19:38:21,374 - fake_news_detection - ERROR - Unhandled exception: [Errno 2] No such file or directory: 'config/config.yaml'
2025-05-13 19:39:46,765 - fake_news_detection - ERROR - Error loading configuration: [Errno 2] No such file or directory: 'config/config.yaml'
2025-05-13 19:39:46,765 - fake_news_detection - ERROR - Error in main function: [Errno 2] No such file or directory: 'config/config.yaml'
2025-05-13 19:39:46,765 - fake_news_detection - ERROR - Unhandled exception: [Errno 2] No such file or directory: 'config/config.yaml'
2025-05-13 19:40:24,529 - fake_news_detection - INFO - Configuration loaded from config/config.yaml
2025-05-13 19:40:24,529 - fake_news_detection - INFO - Directories created successfully
2025-05-13 19:40:24,529 - fake_news_detection - INFO - Starting data preparation pipeline...
2025-05-13 19:40:24,961 - fake_news_detection - INFO - NLTK resources downloaded successfully
2025-05-13 19:40:24,961 - fake_news_detection - INFO - Loading data from files...
2025-05-13 19:40:26,259 - fake_news_detection - INFO - Removing 209 duplicate entries
2025-05-13 19:40:26,624 - fake_news_detection - INFO - Data loaded successfully: 44689 rows and 4 columns
2025-05-13 19:40:26,624 - fake_news_detection - INFO - Starting exploratory data analysis...
2025-05-13 19:40:26,624 - fake_news_detection - INFO - Calculating text features...
2025-05-13 19:41:51,360 - fake_news_detection - INFO - Text features calculated successfully
2025-05-13 19:41:51,360 - fake_news_detection - INFO - Plotting class distribution...
2025-05-13 19:41:51,857 - fake_news_detection - INFO - Class distribution plot saved to c:\Users\emon1\Desktop\Focus\New folder\fake_news_detection\img\plots\class_distribution.png
2025-05-13 19:41:52,011 - fake_news_detection - INFO - Pie chart saved to c:\Users\emon1\Desktop\Focus\New folder\fake_news_detection\img\plots\class_distribution_pie.png
2025-05-13 19:41:52,011 - fake_news_detection - INFO - Plotting text features distribution...
2025-05-13 19:41:53,137 - fake_news_detection - INFO - Text features plot saved to c:\Users\emon1\Desktop\Focus\New folder\fake_news_detection\img\plots\text_features.png
2025-05-13 19:41:53,137 - fake_news_detection - INFO - Creating wordcloud for target=0...
2025-05-13 19:41:53,150 - fake_news_detection - ERROR - Error creating wordcloud: 'clean_text'
2025-05-13 19:41:53,150 - fake_news_detection - INFO - Creating wordcloud for target=1...
2025-05-13 19:41:53,158 - fake_news_detection - ERROR - Error creating wordcloud: 'clean_text'
2025-05-13 19:41:53,158 - fake_news_detection - INFO - Plotting 10 most common words for target=0...
2025-05-13 19:41:53,158 - fake_news_detection - ERROR - Error plotting common words: 'clean_text'
2025-05-13 19:41:53,168 - fake_news_detection - INFO - Plotting 10 most common words for target=1...
2025-05-13 19:41:53,168 - fake_news_detection - ERROR - Error plotting common words: 'clean_text'
2025-05-13 19:41:53,168 - fake_news_detection - INFO - Exploratory data analysis completed successfully
2025-05-13 19:41:53,168 - fake_news_detection - INFO - Cleaning text data...
2025-05-13 19:42:45,053 - fake_news_detection - INFO - Text data cleaned successfully
2025-05-13 19:42:48,986 - fake_news_detection - INFO - Clean data saved to data/processed/clean_data.csv
2025-05-13 19:42:48,986 - fake_news_detection - INFO - Starting model training pipeline...
2025-05-13 19:42:48,987 - fake_news_detection - INFO - Preparing data for model training...
2025-05-13 19:42:48,987 - fake_news_detection - INFO - Tokenizing texts with vocab_size=10000, max_length=100...
2025-05-13 19:42:58,522 - fake_news_detection - INFO - Tokenization and padding completed successfully
2025-05-13 19:42:58,563 - fake_news_detection - INFO - Data prepared: X_train shape=(35751, 100), X_test shape=(8938, 100)
2025-05-13 19:42:58,563 - fake_news_detection - INFO - Building LSTM-GRU model with vocab_size=10000, embedding_dim=100...
2025-05-13 19:42:58,812 - fake_news_detection - INFO - LSTM-GRU model built successfully
2025-05-13 19:42:58,812 - fake_news_detection - INFO - Training model for 5 epochs with batch_size=64...
2025-05-13 19:48:14,336 - fake_news_detection - INFO - Model training completed successfully
2025-05-13 19:48:14,337 - fake_news_detection - INFO - Starting model evaluation and visualization...
2025-05-13 19:48:14,338 - fake_news_detection - INFO - Evaluating model performance...
2025-05-13 19:48:19,522 - fake_news_detection - INFO - Model accuracy: 0.9834
2025-05-13 19:48:19,523 - fake_news_detection - INFO - Generating classification report...
2025-05-13 19:48:19,533 - fake_news_detection - INFO - 
              precision    recall  f1-score   support

           0       0.98      0.99      0.98      4648
           1       0.99      0.98      0.98      4290

    accuracy                           0.98      8938
   macro avg       0.98      0.98      0.98      8938
weighted avg       0.98      0.98      0.98      8938

2025-05-13 19:48:19,534 - fake_news_detection - INFO - Plotting confusion matrix...
2025-05-13 19:48:19,678 - fake_news_detection - INFO - Confusion matrix saved to img/plots\confusion_matrix.png
2025-05-13 19:48:19,683 - fake_news_detection - INFO - Plotting training history...
2025-05-13 19:48:19,940 - fake_news_detection - INFO - Training history plot saved to img/plots\training_history.png
2025-05-13 19:48:19,946 - fake_news_detection - INFO - Model evaluation and visualization completed successfully
2025-05-13 19:48:19,977 - fake_news_detection - INFO - Model saved to models/saved_models/fake_news_detector.h5
2025-05-13 19:48:20,189 - fake_news_detection - INFO - Tokenizer saved to models/saved_models/tokenizer.pickle
2025-05-13 19:48:20,226 - fake_news_detection - INFO - Model training completed with accuracy: 0.9834
2025-05-13 20:33:43,082 - fake_news_detection - INFO - Configuration loaded from config/config.yaml
2025-05-13 20:33:43,082 - fake_news_detection - INFO - Directories created successfully
2025-05-13 20:33:43,082 - fake_news_detection - INFO - Starting prediction pipeline...
2025-05-13 20:33:43,083 - fake_news_detection - INFO - Loading model from models/saved_models/fake_news_detector.h5
2025-05-13 20:33:43,229 - fake_news_detection - INFO - Model loaded successfully
2025-05-13 20:33:43,230 - fake_news_detection - INFO - Loading tokenizer from models/saved_models/tokenizer.pickle
2025-05-13 20:33:43,448 - fake_news_detection - INFO - Tokenizer loaded successfully
2025-05-13 20:33:43,449 - fake_news_detection - INFO - Making prediction...
2025-05-13 20:33:43,790 - fake_news_detection - INFO - Prediction: FAKE (probability: 0.0074)
2025-05-13 20:33:43,822 - fake_news_detection - INFO - Prediction result: FAKE (probability: 0.0074)
2025-05-13 22:13:59,694 - fake_news_detection - ERROR - Error loading configuration: [Errno 2] No such file or directory: 'config/config.yaml'
2025-05-13 22:13:59,695 - fake_news_detection - ERROR - Error in main function: [Errno 2] No such file or directory: 'config/config.yaml'
2025-05-13 22:13:59,695 - fake_news_detection - ERROR - Unhandled exception: [Errno 2] No such file or directory: 'config/config.yaml'
